root@crimsonfileserver:~/nextcloud-hospital-cct# hostname -I
192.168.7.83 


root@crimsonfileserver:~/nextcloud-hospital-cct# tree
.
├── certs
├── db_data
├── db.env
├── dhparam.pem
├── docker-compose.yaml
├── nextcloud_data
├── nginx
│   ├── certs
│   │   ├── fullchain.pem
│   │   └── privkey.pem
│   ├── dhparam.pem
│   └── nginx.conf
└── nginx.conf



root@crimsonfileserver:~/nextcloud-hospital-cct# ls certs/
root@crimsonfileserver:~/nextcloud-hospital-cct# ls db_data/
root@crimsonfileserver:~/nextcloud-hospital-cct# cat db.env
MYSQL_ROOT_PASSWORD=yoursqlrootpassword
MYSQL_PASSWORD=yourmysqlpassword
MYSQL_DATABASE=db
MYSQL_USER=yourmysqluser




root@crimsonfileserver:~/nextcloud-hospital-cct# cat dhparam.pem
-----BEGIN DH PARAMETERS-----
MIIBCAKCAQEA1Eaqg1l6Q8JfkW10QTl8QLbW85NGoLV3GymVsRpaxQpEf4Cuc6rR
ubXzhJ4PzxtTlibYnB3V6MLjDGJOKqWOBkOxzOqi4eSv/dn+nvRuPJGU5khjQ3iG
kWJVC5WBlWtsQrxVNRXVRQw/sSIcBKniolrpSq9dkWzEnpHHXhfxGn6sYszlPRei
N4qOBbr7HVbvBaqAmwlpW16o0uiDEOTIdFW68DJCrwss4O9pDV/mKt0ZkcSxT1P8
/RYzZ+aU+93SkRrleLzDeAojyrVG2SRLdybLwA5lleWS15df4vCP8OdrIwSl2dAK
ml8Jrpt/Kur2W26bUM9YNsDiLJ6ygIrMrwIBAg==
-----END DH PARAMETERS-----

root@crimsonfileserver:~/nextcloud-hospital-cct# cat docker-compose.yaml
version: '3'

services:
  db:
    image: mariadb
    restart: unless-stopped
    command: --transaction-isolation=READ-COMMITTED --binlog-format=ROW --innodb-file-per-table=1 --skip-innodb-read-only-compressed
    volumes:
      - db:/var/lib/mysql
    env_file:
      - db.env

  redis:
    image: redis
    restart: always
    command: redis-server --requirepass your_redis_password

  app:
    image: nextcloud:latest
    restart: unless-stopped
    ports:
      - 8081:80
    links:
      - db
      - redis
    volumes:
      - nextcloud:/var/www/html
    environment:
      - MYSQL_HOST=db
      - REDIS_HOST_PASSWORD=your_redis_password
    env_file:
      - db.env
    depends_on:
      - db
      - redis
volumes:
  db:
  nextcloud:



root@crimsonfileserver:~/nextcloud-hospital-cct# ls nextcloud_data/
root@crimsonfileserver:~/nextcloud-hospital-cct# ls nginx/certs/fullchain.pem
nginx/certs/fullchain.pem
root@crimsonfileserver:~/nextcloud-hospital-cct# cat nginx/certs/fullchain.pem
root@crimsonfileserver:~/nextcloud-hospital-cct# cat nginx/certs/privkey.pem
root@crimsonfileserver:~/nextcloud-hospital-cct#


ot@crimsonfileserver:~/nextcloud-hospital-cct# cat nginx/dhparam.pem
root@crimsonfileserver:~/nextcloud-hospital-cct# cat nginx/nginx.conf
worker_processes 1;

events {
    worker_connections 1024;
}

http {
    server {
        listen 80;
        server_name hospital-cloud.example.com;
        return 301 https://$host$request_uri;
    }

    server {
        listen 443 ssl;
        server_name hospital-cloud.example.com;

        ssl_certificate /etc/ssl/certs/fullchain.pem;
        ssl_certificate_key /etc/ssl/certs/privkey.pem;
        ssl_dhparam /etc/ssl/dhparam.pem;

        ssl_protocols TLSv1.2 TLSv1.3;
        ssl_ciphers HIGH:!aNULL:!MD5;

        location / {
            proxy_pass http://nextcloud:80;
            proxy_set_header Host $host;
            proxy_set_header X-Real-IP $remote_addr;
            proxy_set_header X-Forwarded-For $proxy_add_x_forwarded_for;
            proxy_set_header X-Forwarded-Proto $scheme;
        }
    }
}



root@crimsonfileserver:~/nextcloud-hospital-cct# docker ps
CONTAINER ID   IMAGE              COMMAND                  CREATED       STATUS       PORTS                                     NAMES
197d04aaaf5c   nextcloud:latest   "/entrypoint.sh apac…"   5 weeks ago   Up 11 days   0.0.0.0:8081->80/tcp, [::]:8081->80/tcp   nextcloud-hospital-cct-app-1
39cb49c0fc27   mariadb            "docker-entrypoint.s…"   5 weeks ago   Up 11 days   3306/tcp                                  nextcloud-hospital-cct-db-1
8ba9420c13f5   redis              "docker-entrypoint.s…"   5 weeks ago   Up 11 days   6379/tcp                                  nextcloud-hospital-cct-redis-1

--------------------


now i want to migrate no another ubuntu server 192.168.5.67 using docker service ................ 

migrate the old data ....... as well

assume the necessary files abd backup to be linked


++++++++++++++++++++++++++++++++++++++++++++++++++++++++++++++++++++++++++++++
++++++++++++++++++++++++++++++++++++++++++++++++++++++++++++++++++++++++++++++
++++++++++++++++++++++++++++++++++++++++++++++++++++++++++++++++++++++++++++++
++++++++++++++++++++++++++++++++++++++++++++++++++++++++++++++++++++++++++++++
Okay, I need to help the user migrate their Nextcloud setup from one Ubuntu server 
to another using Docker. Let me think through the steps they need to take.

First, the user has a running Nextcloud instance with Docker Compose. The current 
setup includes MariaDB, Redis, and Nextcloud itself. They want to move everything
 to a new server with IP 192.168.5.67, preserving all data and configurations.

The first step is to back up the existing data. Since they're using Docker volumes,
 I should check if the docker-compose.yaml defines named volumes. Looking at the 
provided YAML, yes, there are volumes named 'db' and 'nextcloud'. So, the user needs 
to create backups of these volumes. Using docker run --rm to spin up a temporary container 
that mounts the volume and backs it up to a tar file makes sense. They'll do this for
 both the db and nextcloud volumes.

Next, they need to back up the configuration files. The docker-compose.yaml, db.env,
 nginx configuration, and certificates are important. The user should copy the entire 
directory structure, ensuring that all necessary files are included, especially the 
SSL certificates in nginx/certs. They can use scp or rsync to transfer these files to the new server.

On the new server, the user needs to install Docker and Docker Compose if they aren't 
already installed. Then, transfer the backup files and the configuration directory. After
 that, restore the Docker volumes using the backup tar files. Again, using temporary containers
 to extract the tar backups into the new volumes.

Once the volumes are restored, the user should adjust any necessary configurations in the 
docker-compose.yaml or db.env. For example, if there are IP addresses or domain names that 
changed, those should be updated. Also, the nginx.conf might need to reflect the new domain or IP.

Before starting the new containers, ensure that the directory structure on the new server
 matches the old one, especially the paths for the certificates and configurations. The nginx 
service in the Docker setup references /etc/ssl/certs, so the user must make sure those files
 are correctly placed.


After starting the containers with docker-compose up -d, they should check the logs for 
any errors. It's possible that the Nextcloud instance might need the trusted domains
 updated, either through the config file or the admin interface. They should also verify
 that the database connection is working and that Redis is properly authenticated.

Finally, test the setup by accessing the Nextcloud instance via the web interface. If
 everything works, the migration is successful. If there are issues, checking the logs
 for each service (app, db, redis) will help diagnose problems.


++++++++++++++++++++++++++++++++++++++++++++++++++++++++++++++++++++++++++++++
++++++++++++++++++++++++++++++++++++++++++++++++++++++++++++++++++++++++++++++









1 Backup Existing Data on Old Server (192.168.7.83):
+++++++++++++++++++++++++++++++++++++++++++++++++++++

# Create backup directory
---------------
root@crimsonfileserver:~#  mkdir ~/nextcloud-backup




# Backup Docker volumes
root@crimsonfileserver:~#  docker run --rm -v nextcloud-hospital-cct_db:/volume -v $PWD:/backup alpine \
    tar cvf /backup/db_volume_backup.tar -C /volume ./

root@crimsonfileserver:~#  docker run --rm -v nextcloud-hospital-cct_nextcloud:/volume -v $PWD:/backup alpine \
    tar cvf /backup/nextcloud_volume_backup.tar -C /volume ./

# Backup configuration files
root@crimsonfileserver:~#  cp -r ~/nextcloud-hospital-cct ~/nextcloud-backup/









2 Transfer Backup to New Server (192.168.5.67):
+++++++++++++++++++++++++++++++++++++++++++++++
On old server:

scp -r ~/nextcloud-backup root@192.168.5.67:/root/



3 Prepare New Server:
+++++++++++++++++++++

# Install Docker and Docker Compose
sudo apt update && sudo apt install docker.io docker-compose -y




# Create directory structure
mkdir -p ~/nextcloud-hospital-cct/{certs,db_data,nextcloud_data,nginx/certs}









4 Restore Data on New Server:
++++++++++++++++++++++++++++
# Restore Docker volumes
docker run --rm -v nextcloud-hospital-cct_db:/volume -v $PWD:/backup alpine \
    tar xvf /backup/db_volume_backup.tar -C /volume

docker run --rm -v nextcloud-hospital-cct_nextcloud:/volume -v $PWD:/backup alpine \
    tar xvf /backup/nextcloud_volume_backup.tar -C /volume

# Restore configuration files
cp -r ~/nextcloud-backup/nextcloud-hospital-cct/* ~/nextcloud-hospital-cct/








5 Update Configuration Files:
++++++++++++++++++++++++++++
Modify the docker-compose.yaml if needed (update IPs/domains):

# Ensure service names and environment variables match your original setup
# Verify volume paths and port mappings





6 Start Services on New Server:
++++++++++++++++++++++++++++

cd ~/nextcloud-hospital-cct
docker-compose up -d





7 Verify Migration:
++++++++++++++++++++++++++++

# Check running containers
docker ps

# View logs
docker-compose logs -f

# Check Nextcloud status
docker exec -it nextcloud-hospital-cct-app-1 occ status






8 Post-Migration Checks:
++++++++++++++++++++++++++++
Update trusted domains in Nextcloud config if IP changed:

docker exec -it nextcloud-hospital-cct-app-1 occ config:system:set trusted_domains 1 --value=192.168.5.67




Verify database connection:
--------------------------

docker exec -it nextcloud-hospital-cct-db-1 mysql -u yourmysqluser -p db



Test Redis connection:
------------------------

docker exec -it nextcloud-hospital-cct-redis-1 redis-cli -a your_redis_password




Important Notes:
++++++++++++++++++++++++++++
	Certificate files need to be properly placed in:
	
		nginx/certs/fullchain.pem
	
		nginx/certs/privkey.pem
	
	Ensure your DNS records point to the new server 
	IP (192.168.5.67) if using domain names


	If using different ports, update:
	
		docker-compose.yaml ports mapping
	
		Nginx configuration
	
	Verify firewall settings on new server:
		
		ufw allow 80/tcp
		ufw allow 443/tcp

	Consider updating Let's Encrypt certificates if domain changed:
	# If using certbot
	certbot renew --force-renewal





Directory Structure Preservation:
++++++++++++++++++++++++++++
.
		├── certs
		├── db_data
		├── db.env
		├── dhparam.pem
		├── docker-compose.yaml
		├── nextcloud_data
		├── nginx
		│   ├── certs
		│   │   ├── fullchain.pem
		│   │   └── privkey.pem
		│   ├── dhparam.pem
		│   └── nginx.conf
		└── nginx.conf





Final Verification:
+++++++++++++++++++++++++
1 Access Nextcloud via web interface
at https://hospital-cloud.example.com

2 Check file integrity:
docker exec -it nextcloud-hospital-cct-app-1 occ files:scan --all




3 Verify cron jobs are running:
docker exec -it nextcloud-hospital-cct-app-1 occ background:cron










********************************************************************




Access through untrusted domain
Please contact your administrator. If you are an administrator, 
edit the "trusted_domains" setting in config/config.php like the example 
in config.sample.php.


Add Trusted Domain via Docker Exec
----------------------------------------
# Add new server IP to trusted domains
docker exec -it nextcloud-hospital-cct-app-1 occ config:system:set trusted_domains 1 --value=192.168.5.67

# If using a domain name, add it too
docker exec -it nextcloud-hospital-cct-app-1 occ config:system:set trusted_domains 2 --value=hospital-cloud.example.com





su - www-data -s /bin/bash -c "php /var/www/html/occ config:system:set trusted_domains 1 --value=192.168.5.67"
su - www-data -s /bin/bash -c "php /var/www/html/occ config:system:get trusted_domains"




php occ config:system:get trusted_domains








+++++++++++++++++++++++++++++++++++++++++++++++++++++++++++++++++++++++



root@bhiravasters:~/nextcloud-hospital-cct# docker exec -it nextcloud-hospital-cct-app-1 bash

root@354f6465bd63:/var/www/html# php occ user:resetpassword mahesh
Enter a new password: Computer2082
Confirm the new password: Computer2082
Successfully reset password for mahesh
root@354f6465bd63:/var/www/html#

















