root@crimsonfileserver:~/nextcloud-hospital-cct# hostname -I
192.168.7.83 


root@crimsonfileserver:~/nextcloud-hospital-cct# tree
.
├── certs
├── db_data
├── db.env
├── dhparam.pem
├── docker-compose.yaml
├── nextcloud_data
├── nginx
│   ├── certs
│   │   ├── fullchain.pem
│   │   └── privkey.pem
│   ├── dhparam.pem
│   └── nginx.conf
└── nginx.conf



root@crimsonfileserver:~/nextcloud-hospital-cct# ls certs/
root@crimsonfileserver:~/nextcloud-hospital-cct# ls db_data/
root@crimsonfileserver:~/nextcloud-hospital-cct# cat db.env
MYSQL_ROOT_PASSWORD=yoursqlrootpassword
MYSQL_PASSWORD=yourmysqlpassword
MYSQL_DATABASE=db
MYSQL_USER=yourmysqluser




root@crimsonfileserver:~/nextcloud-hospital-cct# cat dhparam.pem
-----BEGIN DH PARAMETERS-----
MIIBCAKCAQEA1Eaqg1l6Q8JfkW10QTl8QLbW85NGoLV3GymVsRpaxQpEf4Cuc6rR
ubXzhJ4PzxtTlibYnB3V6MLjDGJOKqWOBkOxzOqi4eSv/dn+nvRuPJGU5khjQ3iG
kWJVC5WBlWtsQrxVNRXVRQw/sSIcBKniolrpSq9dkWzEnpHHXhfxGn6sYszlPRei
N4qOBbr7HVbvBaqAmwlpW16o0uiDEOTIdFW68DJCrwss4O9pDV/mKt0ZkcSxT1P8
/RYzZ+aU+93SkRrleLzDeAojyrVG2SRLdybLwA5lleWS15df4vCP8OdrIwSl2dAK
ml8Jrpt/Kur2W26bUM9YNsDiLJ6ygIrMrwIBAg==
-----END DH PARAMETERS-----

root@crimsonfileserver:~/nextcloud-hospital-cct# cat docker-compose.yaml
version: '3'

services:
  db:
    image: mariadb
    restart: unless-stopped
    command: --transaction-isolation=READ-COMMITTED --binlog-format=ROW --innodb-file-per-table=1 --skip-innodb-read-only-compressed
    volumes:
      - db:/var/lib/mysql
    env_file:
      - db.env

  redis:
    image: redis
    restart: always
    command: redis-server --requirepass your_redis_password

  app:
    image: nextcloud:latest
    restart: unless-stopped
    ports:
      - 8081:80
    links:
      - db
      - redis
    volumes:
      - nextcloud:/var/www/html
    environment:
      - MYSQL_HOST=db
      - REDIS_HOST_PASSWORD=your_redis_password
    env_file:
      - db.env
    depends_on:
      - db
      - redis
volumes:
  db:
  nextcloud:



root@crimsonfileserver:~/nextcloud-hospital-cct# ls nextcloud_data/
root@crimsonfileserver:~/nextcloud-hospital-cct# ls nginx/certs/fullchain.pem
nginx/certs/fullchain.pem
root@crimsonfileserver:~/nextcloud-hospital-cct# cat nginx/certs/fullchain.pem
root@crimsonfileserver:~/nextcloud-hospital-cct# cat nginx/certs/privkey.pem
root@crimsonfileserver:~/nextcloud-hospital-cct#


ot@crimsonfileserver:~/nextcloud-hospital-cct# cat nginx/dhparam.pem
root@crimsonfileserver:~/nextcloud-hospital-cct# cat nginx/nginx.conf
worker_processes 1;

events {
    worker_connections 1024;
}

http {
    server {
        listen 80;
        server_name hospital-cloud.example.com;
        return 301 https://$host$request_uri;
    }

    server {
        listen 443 ssl;
        server_name hospital-cloud.example.com;

        ssl_certificate /etc/ssl/certs/fullchain.pem;
        ssl_certificate_key /etc/ssl/certs/privkey.pem;
        ssl_dhparam /etc/ssl/dhparam.pem;

        ssl_protocols TLSv1.2 TLSv1.3;
        ssl_ciphers HIGH:!aNULL:!MD5;

        location / {
            proxy_pass http://nextcloud:80;
            proxy_set_header Host $host;
            proxy_set_header X-Real-IP $remote_addr;
            proxy_set_header X-Forwarded-For $proxy_add_x_forwarded_for;
            proxy_set_header X-Forwarded-Proto $scheme;
        }
    }
}



root@crimsonfileserver:~/nextcloud-hospital-cct# docker ps
CONTAINER ID   IMAGE              COMMAND                  CREATED       STATUS       PORTS                                     NAMES
197d04aaaf5c   nextcloud:latest   "/entrypoint.sh apac…"   5 weeks ago   Up 11 days   0.0.0.0:8081->80/tcp, [::]:8081->80/tcp   nextcloud-hospital-cct-app-1
39cb49c0fc27   mariadb            "docker-entrypoint.s…"   5 weeks ago   Up 11 days   3306/tcp                                  nextcloud-hospital-cct-db-1
8ba9420c13f5   redis              "docker-entrypoint.s…"   5 weeks ago   Up 11 days   6379/tcp                                  nextcloud-hospital-cct-redis-1

--------------------


now i want to migrate no another ubuntu server 192.168.5.67 using docker service ................ 

migrate the old data ....... as well

assume the necessary files abd backup to be linked


++++++++++++++++++++++++++++++++++++++++++++++++++++++++++++++++++++++++++++++
++++++++++++++++++++++++++++++++++++++++++++++++++++++++++++++++++++++++++++++
++++++++++++++++++++++++++++++++++++++++++++++++++++++++++++++++++++++++++++++
++++++++++++++++++++++++++++++++++++++++++++++++++++++++++++++++++++++++++++++
Okay, I need to help the user migrate their Nextcloud setup from one Ubuntu server 
to another using Docker. Let me think through the steps they need to take.

First, the user has a running Nextcloud instance with Docker Compose. The current 
setup includes MariaDB, Redis, and Nextcloud itself. They want to move everything
 to a new server with IP 192.168.5.67, preserving all data and configurations.

The first step is to back up the existing data. Since they're using Docker volumes,
 I should check if the docker-compose.yaml defines named volumes. Looking at the 
provided YAML, yes, there are volumes named 'db' and 'nextcloud'. So, the user needs 
to create backups of these volumes. Using docker run --rm to spin up a temporary container 
that mounts the volume and backs it up to a tar file makes sense. They'll do this for
 both the db and nextcloud volumes.

Next, they need to back up the configuration files. The docker-compose.yaml, db.env,
 nginx configuration, and certificates are important. The user should copy the entire 
directory structure, ensuring that all necessary files are included, especially the 
SSL certificates in nginx/certs. They can use scp or rsync to transfer these files to the new server.

On the new server, the user needs to install Docker and Docker Compose if they aren't 
already installed. Then, transfer the backup files and the configuration directory. After
 that, restore the Docker volumes using the backup tar files. Again, using temporary containers
 to extract the tar backups into the new volumes.

Once the volumes are restored, the user should adjust any necessary configurations in the 
docker-compose.yaml or db.env. For example, if there are IP addresses or domain names that 
changed, those should be updated. Also, the nginx.conf might need to reflect the new domain or IP.

Before starting the new containers, ensure that the directory structure on the new server
 matches the old one, especially the paths for the certificates and configurations. The nginx 
service in the Docker setup references /etc/ssl/certs, so the user must make sure those files
 are correctly placed.


After starting the containers with docker-compose up -d, they should check the logs for 
any errors. It's possible that the Nextcloud instance might need the trusted domains
 updated, either through the config file or the admin interface. They should also verify
 that the database connection is working and that Redis is properly authenticated.

Finally, test the setup by accessing the Nextcloud instance via the web interface. If
 everything works, the migration is successful. If there are issues, checking the logs
 for each service (app, db, redis) will help diagnose problems.


++++++++++++++++++++++++++++++++++++++++++++++++++++++++++++++++++++++++++++++
++++++++++++++++++++++++++++++++++++++++++++++++++++++++++++++++++++++++++++++









1 Backup Existing Data on Old Server (192.168.7.83):
+++++++++++++++++++++++++++++++++++++++++++++++++++++

# Create backup directory
---------------
root@crimsonfileserver:~# mkdir nextcloud_migration

root@crimsonfileserver:~# hostname
crimsonfileserver


root@crimsonfileserver:~# hostname -I
192.168.7.83




# Backup Docker volumes
------------------------------
root@crimsonfileserver:~#  docker run --rm -v nextcloud-hospital-cct_db:/volume -v $PWD:/backup alpine \
    tar cvf /backup/db_volume_backup.tar -C /volume ./

root@crimsonfileserver:~#  docker run --rm -v nextcloud-hospital-cct_nextcloud:/volume -v $PWD:/backup alpine \
    tar cvf /backup/nextcloud_volume_backup.tar -C /volume ./


root@crimsonfileserver:~/nextcloud_migration# echo $?
0






# Backup configuration files
------------------------------
root@crimsonfileserver:~/nextcloud_migration# cd ..
root@crimsonfileserver:~# cp -r ~/nextcloud-hospital-cct/ ~/nextcloud_migration/


root@crimsonfileserver:~/nextcloud_migration# ls -lh
total 8.5G
-rw-r--r-- 1 root root 267M Apr 20 15:23 db_volume_backup.tar
drwxr-xr-x 7 root root 4.0K Apr 20 15:41 nextcloud-hospital-cct
-rw-r--r-- 1 root root 8.2G Apr 20 15:35 nextcloud_volume_backup.tar







2 Transfer Backup to New Server (192.168.5.67):
+++++++++++++++++++++++++++++++++++++++++++++++

1 On old server:
---------------
root@crimsonfileserver:~# # scp -r nextcloud_migration/ max@192.168.5.67/home/max/

dhparam.pem                                   100%  424   535.0KB/s   00:00
docker-compose.yaml                           100%  742     1.4MB/s   00:00
nginx.conf                                    100%  827     1.7MB/s   00:00
fullchain.pem                                 100%    0     0.0KB/s   00:00
privkey.pem                                   100%    0     0.0KB/s   00:00
dhparam.pem                                   100%    0     0.0KB/s   00:00
db.env                                        100%  116   341.4KB/s   00:00
db_volume_backup.tar                          100%  267MB  74.1MB/s   00:03
nextcloud_volume_backup.tar                   100% 8377MB  60.3MB/s   02:18









3 Prepare New Server:
+++++++++++++++++++++

root@supadeurali:~# hostname
supadeurali

root@supadeurali:~# hostname -I
192.168.5.67

root@supadeurali:~# whoami
root

root@supadeurali:~# mv /home/max/nextcloud_migration/ .



root@supadeurali:~# ls -lh nextcloud_migration/
total 8.5G
-rw-r--r-- 1 max max 267M Apr 20 10:01 db_volume_backup.tar
drwxr-xr-x 7 max max 4.0K Apr 20 10:01 nextcloud-hospital-cct
-rw-r--r-- 1 max max 8.2G Apr 20 10:04 nextcloud_volume_backup.tar


# Install Docker and Docker Compose
root@supadeurali:~# sudo apt update && sudo apt install docker.io docker-compose -y




# Create directory structure
-------------------------------------------
root@supadeurali:~# mkdir -p ~/nextcloud-hospital-cct/{certs,db_data,nextcloud_data,nginx/certs}


root@supadeurali:~# pwd
/root

root@supadeurali:~# ls -lh
total 12K
drwxr-xr-x 6 root root 4.0K Apr 20 10:26 nextcloud-hospital-cct
drwxr-xr-x 3 max  max  4.0K Apr 20 10:01 nextcloud_migration









4 Restore Data on New Server:
++++++++++++++++++++++++++++

root@supadeurali:~# docker volume ls
DRIVER    VOLUME NAME



# Restore Docker volumes
------------------------------
docker run --rm -v nextcloud-hospital-cct_db:/volume -v $PWD:/backup alpine \
    tar xvf /backup/db_volume_backup.tar -C /volume

docker run --rm -v nextcloud-hospital-cct_nextcloud:/volume -v $PWD:/backup alpine \
    tar xvf /backup/nextcloud_volume_backup.tar -C /volume





root@supadeurali:~# cd nextcloud_migration/



root@supadeurali:~/nextcloud_migration#  docker run --rm -v nextcloud-hospital-cct_db:/volume -v $PWD:/backup alpine \
    tar xvf /backup/db_volume_backup.tar -C /volume


root@supadeurali:~/nextcloud_migration# docker volume ls
DRIVER    VOLUME NAME
local     nextcloud-hospital-cct_db


root@supadeurali:~/nextcloud_migration# ls -lh /var/lib/docker/volumes/nextcloud-hospital-cct_db/_data/


root@supadeurali:~/nextcloud_migration# du -sh /var/lib/docker/volumes/nextcloud-hospital-cct_db/
268M    /var/lib/docker/volumes/nextcloud-hospital-cct_db/





root@supadeurali:~/nextcloud_migration# docker run --rm -v nextcloud-hospital-cct_nextcloud:/volume -v $PWD:/backup alpine \
    tar xvf /backup/nextcloud_volume_backup.tar -C /volume




root@supadeurali:~/nextcloud_migration# docker volume ls
DRIVER    VOLUME NAME
local     nextcloud-hospital-cct_db
local     nextcloud-hospital-cct_nextcloud


root@supadeurali:~/nextcloud_migration# ls -lh /var/lib/docker/volumes/nextcloud-hospital-cct_nextcloud/_data/

root@supadeurali:~/nextcloud_migration# du -sh /var/lib/docker/volumes/nextcloud-hospital-cct_nextcloud/
8.4G    /var/lib/docker/volumes/nextcloud-hospital-cct_nextcloud/








# Restore configuration files
-------------------------------------
root@supadeurali:~/nextcloud_migration# cp -r ~/nextcloud-backup/nextcloud-hospital-cct/* ~/nextcloud-hospital-cct/








5 Update Configuration Files:
++++++++++++++++++++++++++++
	Modify the docker-compose.yaml if needed (update IPs/domains):
	
	# Ensure service names and environment variables match your original setup
	# Verify volume paths and port mappings





6 Start Services on New Server:
++++++++++++++++++++++++++++



root@supadeurali:~/nextcloud-hospital-cct#   cd ~/nextcloud-hospital-cct



root@supadeurali:~/nextcloud-hospital-cct# docker images
REPOSITORY   TAG       IMAGE ID       CREATED        SIZE
alpine       latest    aded1e1a5b37   2 months ago   7.83MB


root@supadeurali:~/nextcloud-hospital-cct# docker ps
CONTAINER ID   IMAGE     COMMAND   CREATED   STATUS    PORTS     NAMES


root@supadeurali:~/nextcloud-hospital-cct# docker network ls
NETWORK ID     NAME      DRIVER    SCOPE
344260a3baa3   bridge    bridge    local
e70d7ec7ebfd   host      host      local
eb467808babe   none      null      local


root@supadeurali:~/nextcloud-hospital-cct# docker volume ls
DRIVER    VOLUME NAME
local     nextcloud-hospital-cct_db
local     nextcloud-hospital-cct_nextcloud




root@supadeurali:~/nextcloud-hospital-cct#   docker-compose up -d

Status: Downloaded newer image for nextcloud:latest
Creating nextcloud-hospital-cct_db_1    ... done
Creating nextcloud-hospital-cct_redis_1 ... done
Creating nextcloud-hospital-cct_app_1   ... done








oot@supadeurali:~/nextcloud-hospital-cct# docker images
REPOSITORY   TAG       IMAGE ID       CREATED        SIZE
nextcloud    latest    b151457b6932   4 weeks ago    1.42GB
mariadb      latest    9f3d79eba61e   2 months ago   328MB
alpine       latest    aded1e1a5b37   2 months ago   7.83MB
redis        latest    65750d044ac8   3 months ago   117MB


root@supadeurali:~/nextcloud-hospital-cct# docker ps
CONTAINER ID   IMAGE              COMMAND                  CREATED          STATUS          PORTS                                   NAMES
b6dbb6e39f3a   nextcloud:latest   "/entrypoint.sh apac…"   47 seconds ago   Up 42 seconds   0.0.0.0:9096->80/tcp, :::9096->80/tcp   nextcloud-hospital-cct_app_1
53128175da79   redis              "docker-entrypoint.s…"   55 seconds ago   Up 46 seconds   6379/tcp                                nextcloud-hospital-cct_redis_1
f8de36c871d9   mariadb            "docker-entrypoint.s…"   55 seconds ago   Up 46 seconds   3306/tcp                                nextcloud-hospital-cct_db_1



root@supadeurali:~/nextcloud-hospital-cct# docker network ls
NETWORK ID     NAME                             DRIVER    SCOPE
344260a3baa3   bridge                           bridge    local
e70d7ec7ebfd   host                             host      local
979b91ca5a52   nextcloud-hospital-cct_default   bridge    local
eb467808babe   none                             null      local




root@supadeurali:~/nextcloud-hospital-cct# docker volume ls
DRIVER    VOLUME NAME
local     907faa2d8214953af1c0555f033c4b5b09bcbf68fa924c1308fbef246063f71e
local     nextcloud-hospital-cct_db
local     nextcloud-hospital-cct_nextcloud








7 Verify Migration:
++++++++++++++++++++++++++++

# Check running containers
docker ps

# View logs
docker-compose logs -f

# Check Nextcloud status
docker exec -it nextcloud-hospital-cct-app-1 occ status






8 Post-Migration Checks:
++++++++++++++++++++++++++++
Update trusted domains in Nextcloud config if IP changed:

root@supadeurali:  docker exec -it nextcloud-hospital-cct-app-1 occ config:system:set trusted_domains 1 --value=192.168.5.67




Verify database connection:
--------------------------

root@supadeurali:  docker exec -it nextcloud-hospital-cct-db-1 mysql -u yourmysqluser -p db



Test Redis connection:
------------------------

root@supadeurali:    docker exec -it nextcloud-hospital-cct-redis-1 redis-cli -a your_redis_password





root@supadeurali:~/nextcloud-hospital-cct# tree
.
├── certs
├── db_data
├── db.env
├── dhparam.pem
├── docker-compose.yaml
├── nextcloud_data
├── nginx
│   ├── certs
│   │   ├── fullchain.pem
│   │   └── privkey.pem
│   ├── dhparam.pem
│   └── nginx.conf
└── nginx.conf

7 directories, 7 files



Important Notes:
++++++++++++++++++++++++++++
	Certificate files need to be properly placed in:
	
		nginx/certs/fullchain.pem
	
		nginx/certs/privkey.pem
	
	Ensure your DNS records point to the new server 
	IP (192.168.5.67) if using domain names


	If using different ports, update:
	
		docker-compose.yaml ports mapping
	
		Nginx configuration
	
	Verify firewall settings on new server:
		
		ufw allow 80/tcp
		ufw allow 443/tcp

	Consider updating Let's Encrypt certificates if domain changed:
	# If using certbot
	certbot renew --force-renewal





Directory Structure Preservation:
++++++++++++++++++++++++++++
.
		├── certs
		├── db_data
		├── db.env
		├── dhparam.pem
		├── docker-compose.yaml
		├── nextcloud_data
		├── nginx
		│   ├── certs
		│   │   ├── fullchain.pem
		│   │   └── privkey.pem
		│   ├── dhparam.pem
		│   └── nginx.conf
		└── nginx.conf





Final Verification:
+++++++++++++++++++++++++
1 Access Nextcloud via web interface
at https://hospital-cloud.example.com

2 Check file integrity:
root@supadeurali:  docker exec -it nextcloud-hospital-cct-app-1 occ files:scan --all




3 Verify cron jobs are running:
root@supadeurali:  docker exec -it nextcloud-hospital-cct-app-1 occ background:cron










********************************************************************




Access through untrusted domain
Please contact your administrator. If you are an administrator, 
edit the "trusted_domains" setting in config/config.php like the example 
in config.sample.php.


Add Trusted Domain via Docker Exec
----------------------------------------
# Add new server IP to trusted domains
docker exec -it nextcloud-hospital-cct-app-1 occ config:system:set trusted_domains 1 --value=192.168.5.67

# If using a domain name, add it too
docker exec -it nextcloud-hospital-cct-app-1 occ config:system:set trusted_domains 2 --value=hospital-cloud.example.com




root@supadeurali:~/nextcloud-hospital-cct# docker exec -ti nextcloud-hospital-cct_app_1 bash

root@b6dbb6e39f3a:/var/www/html#  su - www-data -s /bin/bash -c "php /var/www/html/occ config:system:set trusted_domains 1 --value=192.168.5.67"
root@b6dbb6e39f3a:/var/www/html#  su - www-data -s /bin/bash -c "php /var/www/html/occ config:system:get trusted_domains"
root@b6dbb6e39f3a:/var/www/html#  php occ config:system:get trusted_domains
				103.254.186.194:8081
				192.168.5.67







+++++++++++++++++++++++++++++++++++++++++++++++++++++++++++++++++++++++



root@supadeurali:~/nextcloud-hospital-cct# docker exec -ti nextcloud-hospital-cct_app_1 bash

root@354f6465bd63:/var/www/html# php occ user:resetpassword mahesh
Enter a new password: Computer2082
Confirm the new password: Computer2082
Successfully reset password for mahesh
root@354f6465bd63:/var/www/html#

















